[edu.algebraxyz.com/index.html]
[edu.algebraxyz.com/uv/uv.bundle.js]
[edu.algebraxyz.com/uv/uv.config.js]
[edu.algebraxyz.com/index.js]
[edu.algebraxyz.com/assets/js/go.js]
[edu.algebraxyz.com/assets/js/particles.js]
[backblue.gif]
[fade.gif]
[index.html]
[edu.algebraxyz.com/assets/css/particles.css]
[edu.algebraxyz.com/assets/images/branding/favicon/in.png]
[edu.algebraxyz.com/assets/images/branding/in.png]
[edu.algebraxyz.com/assets/css/home/index.css]
[edu.algebraxyz.com/assets/css/home/cookie_consent.css]
[edu.algebraxyz.com/assets/css/nav.css]
[edu.algebraxyz.com/css/bootstrap.min.css]
[edu.algebraxyz.com/assets/js/index.js]
[edu.algebraxyz.com/assets/js/main.js]
[edu.algebraxyz.com/assets/js/themecontrol.js]
[edu.algebraxyz.com/assets/js/home/cloaker.js]
[pagead2.googlesyndication.com/pagead/js/f8fec.txt]
[arc.io/widget.min.js]
[edu.algebraxyz.com/search.html]
[edu.algebraxyz.com/play.html]
[edu.algebraxyz.com/apps.html]
[edu.algebraxyz.com/math.html]
[edu.algebraxyz.com/widget.html]
[edu.algebraxyz.com/settings.html]
[edu.algebraxyz.com/cookieconsentpolicy.html]
[edu.algebraxyz.com/assets/js/home/cookie_consent.js]
[cdn.jsdelivr.net/particles.js/2.0.0/particles.min.js]
[edu.algebraxyz.com/service/hvtrs8/-hwb,anignju`.zyx/qhmw=uvm]mgdkuo=knvepsvenlcr]
[edu.algebraxyz.com/index.html]
[edu.algebraxyz.com/assets/css/particles.css]
[edu.algebraxyz.com/assets/images/branding/in.png]
[edu.algebraxyz.com/assets/css/home/index.css]
[edu.algebraxyz.com/assets/css/home/cookie_consent.css]
[edu.algebraxyz.com/assets/css/nav.css]
[edu.algebraxyz.com/css/bootstrap.min.css]
[edu.algebraxyz.com/assets/css/settings/main.css]
[edu.algebraxyz.com/assets/css/searchbar.css]
[edu.algebraxyz.com/assets/images/branding/favicon/interstellar.png]
[edu.algebraxyz.com/donate.html]
[edu.algebraxyz.com/search.html]
[edu.algebraxyz.com/assets/js/settings/settings.js]
[edu.algebraxyz.com/assets/js/random.js]
[edu.algebraxyz.com/assets/js/search.js]
[edu.algebraxyz.com/assets/css/apps.css]
[edu.algebraxyz.com/assets/images/icons/request.png]
[edu.algebraxyz.com/assets/images/icons/1.png]
[edu.algebraxyz.com/assets/images/icons/1v1-lol.png]
[edu.algebraxyz.com/assets/images/icons/2D-Rocket-League.png]
[edu.algebraxyz.com/assets/images/icons/trex-run-3D.webp]
[edu.algebraxyz.com/play/60-second-burger-run/index.html]
[edu.algebraxyz.com/assets/images/icons/60-second-burger-run.png]
[edu.algebraxyz.com/assets/images/icons/8ball.png]
[edu.algebraxyz.com/assets/images/icons/aa.jpg]
[edu.algebraxyz.com/assets/images/icons/acww.png]
[edu.algebraxyz.com/assets/images/icons/adventure-capitalist.jpg]
[edu.algebraxyz.com/assets/images/icons/agario.png]
[edu.algebraxyz.com/assets/images/icons/scratch-among-us.png]
[edu.algebraxyz.com/assets/images/icons/apex.png]
[edu.algebraxyz.com/assets/images/icons/br.jpg]
[edu.algebraxyz.com/assets/images/icons/basketball-stars.png]
[edu.algebraxyz.com/assets/images/icons/basket-bros.png]
[edu.algebraxyz.com/assets/images/icons/bitlife.png]
[edu.algebraxyz.com/assets/images/icons/btd4.jpg]
[edu.algebraxyz.com/assets/images/icons/build-now.png]
[edu.algebraxyz.com/assets/images/icons/cat-ninja.webp]
[edu.algebraxyz.com/assets/images/icons/chess.png]
[edu.algebraxyz.com/assets/images/icons/cluster-rush.webp]
[edu.algebraxyz.com/assets/images/icons/cookieclicker.png]
[edu.algebraxyz.com/assets/images/icons/cr.jpg]
[edu.algebraxyz.com/assets/images/icons/deepest-sword.png]
[edu.algebraxyz.com/assets/images/icons/diep.png]
[edu.algebraxyz.com/assets/images/icons/doge-miner-1.png]
[edu.algebraxyz.com/assets/images/icons/doom1.png]
[edu.algebraxyz.com/assets/images/icons/doom2.png]
[edu.algebraxyz.com/assets/images/icons/db.png]
[edu.algebraxyz.com/assets/images/icons/drift-hunters.png]
[edu.algebraxyz.com/assets/images/icons/mc.webp]
[edu.algebraxyz.com/play/electric_man_2/index.html]
[edu.algebraxyz.com/assets/images/icons/electricman-2.jpg]
[edu.algebraxyz.com/assets/images/icons/fortnite.png]
[edu.algebraxyz.com/assets/images/icons/FortniteXbox.png]
[edu.algebraxyz.com/assets/images/icons/fnaf2.webp]
[edu.algebraxyz.com/assets/images/icons/fnf.png]
[edu.algebraxyz.com/assets/images/icons/lofi.png]
[edu.algebraxyz.com/assets/images/icons/snorlax.png]
[edu.algebraxyz.com/assets/images/icons/just-fall-lol.png]
[edu.algebraxyz.com/assets/images/icons/krunker.jpg]
[edu.algebraxyz.com/assets/images/icons/golden-eye-007.png]
[edu.algebraxyz.com/assets/images/icons/gba.webp]
[edu.algebraxyz.com/assets/images/icons/apps/geforce-now.png]
[edu.algebraxyz.com/assets/images/icons/na.png]
[edu.algebraxyz.com/assets/images/icons/hole.png]
[edu.algebraxyz.com/assets/images/icons/idle.png]
[edu.algebraxyz.com/assets/images/icons/interactive-buddy.png]
[edu.algebraxyz.com/play/learn-to-fly/index.html]
[edu.algebraxyz.com/assets/images/icons/learn-to-fly.jpg]
[edu.algebraxyz.com/play/learn-to-fly-2/index.html]
[edu.algebraxyz.com/assets/images/icons/learn-to-fly-2.jpg]
[edu.algebraxyz.com/assets/images/icons/lordz.png]
[edu.algebraxyz.com/assets/images/icons/masked-forces.jpg]
[edu.algebraxyz.com/assets/images/icons/mario-kart-64.jpg]
[edu.algebraxyz.com/assets/images/icons/mm.png]
[edu.algebraxyz.com/moomoo.io]
[edu.algebraxyz.com/assets/images/icons/moo.png]
[edu.algebraxyz.com/assets/images/icons/mx3m.jpg]
[edu.algebraxyz.com/assets/images/icons/mx3m-2.jpg]
[edu.algebraxyz.com/assets/images/icons/mx3m-spooky.png]
[edu.algebraxyz.com/assets/images/icons/mx3m-winter.jpg]
[edu.algebraxyz.com/assets/images/icons/ng.png]
[edu.algebraxyz.com/assets/images/icons/ninja-cat.webp]
[edu.algebraxyz.com/assets/images/icons/ovo.png]
[edu.algebraxyz.com/assets/images/icons/osm.jpg]
[edu.algebraxyz.com/assets/images/icons/bakeria.jpg]
[edu.algebraxyz.com/assets/images/icons/cupcakeria.png]
[edu.algebraxyz.com/assets/images/icons/louie1.png]
[edu.algebraxyz.com/assets/images/icons/louie2.png]
[edu.algebraxyz.com/assets/images/icons/papa-louie-3.webp]
[edu.algebraxyz.com/assets/images/icons/pizzeria.png]
[edu.algebraxyz.com/assets/images/icons/paper-mario-64.jpg]
[edu.algebraxyz.com/play/particle-clicker/index.html]
[edu.algebraxyz.com/assets/images/icons/pc.png]
[edu.algebraxyz.com/assets/images/icons/pixel-shooter.png]
[edu.algebraxyz.com/assets/images/icons/heartgold.jpg]
[edu.algebraxyz.com/assets/images/icons/lp.webp]
[edu.algebraxyz.com/play/qwop/index.html]
[edu.algebraxyz.com/assets/images/icons/qwop.jpg]
[edu.algebraxyz.com/assets/images/icons/precision.png]
[edu.algebraxyz.com/assets/images/icons/r6.jpg]
[edu.algebraxyz.com/assets/images/icons/retroarch.png]
[edu.algebraxyz.com/play/retro-bowl/index.html]
[edu.algebraxyz.com/assets/images/icons/retro.png]
[edu.algebraxyz.com/play/riddle school/index.html]
[edu.algebraxyz.com/assets/images/icons/riddle-school.webp]
[edu.algebraxyz.com/assets/images/icons/roblox.png]
[edu.algebraxyz.com/assets/images/icons/rocketpult.jpg]
[edu.algebraxyz.com/assets/images/icons/rooftop.jpg]
[edu.algebraxyz.com/assets/images/icons/run3.png]
[edu.algebraxyz.com/assets/images/icons/sand.jpg]
[edu.algebraxyz.com/assets/images/icons/shell-shockers.png]
[edu.algebraxyz.com/assets/images/icons/slope.png]
[edu.algebraxyz.com/assets/images/icons/super-smash-bros-64.jpg]
[edu.algebraxyz.com/assets/images/icons/smashkarts.png]
[edu.algebraxyz.com/assets/images/icons/snowball.jpg]
[edu.algebraxyz.com/play/stickman-hook/index.html]
[edu.algebraxyz.com/assets/images/icons/stickman.png]
[edu.algebraxyz.com/english.html]
[edu.algebraxyz.com/assets/images/icons/stumble-guys.webp]
[edu.algebraxyz.com/play/subway-surfers-unity/index.html]
[edu.algebraxyz.com/assets/images/icons/san-francisco.jpg]
[edu.algebraxyz.com/assets/images/icons/sugarsugar.png]
[edu.algebraxyz.com/assets/images/icons/sm63.png]
[edu.algebraxyz.com/assets/images/icons/sm64.png]
[edu.algebraxyz.com/assets/images/icons/ssf1.png]
[edu.algebraxyz.com/assets/images/icons/tanuki.png]
[edu.algebraxyz.com/assets/images/icons/the-simpsons-game.png]
[edu.algebraxyz.com/assets/images/icons/temple-run-2.png]
[edu.algebraxyz.com/assets/images/icons/tritis.png]
[edu.algebraxyz.com/assets/images/icons/thps2.jpg]
[edu.algebraxyz.com/assets/images/icons/thps3.jpg]
[edu.algebraxyz.com/assets/images/icons/thps4.jpg]
[edu.algebraxyz.com/assets/images/icons/na.jpg]
[edu.algebraxyz.com/play/unfair-mario/index.html]
[edu.algebraxyz.com/assets/images/icons/unfair-mario.jpg]
[edu.algebraxyz.com/assets/images/icons/venge.png]
[edu.algebraxyz.com/assets/images/icons/vex5.png]
[edu.algebraxyz.com/assets/images/icons/vex7.png]
[edu.algebraxyz.com/assets/images/icons/worldbox.png]
[edu.algebraxyz.com/assets/images/icons/zombs-io.png]
[edu.algebraxyz.com/assets/images/icons/zombs-royale.png]
[edu.algebraxyz.com/play.html]
[edu.algebraxyz.com/assets/images/icons/apps/amazon.png]
[edu.algebraxyz.com/assets/images/icons/apps/coolmath.png]
[edu.algebraxyz.com/assets/images/icons/apps/discord.jpg]
[edu.algebraxyz.com/assets/images/icons/apps/espn.webp]
[edu.algebraxyz.com/assets/images/icons/apps/fifa.png]
[edu.algebraxyz.com/assets/images/icons/apps/firefox.png]
[edu.algebraxyz.com/assets/images/icons/apps/flixhq.png]
[edu.algebraxyz.com/assets/images/icons/apps/github.png]
[edu.algebraxyz.com/assets/images/icons/apps/google.png]
[edu.algebraxyz.com/assets/images/icons/apps/hbo.webp]
[edu.algebraxyz.com/assets/images/icons/apps/messenger.png]
[edu.algebraxyz.com/assets/images/icons/apps/paramount.png]
[edu.algebraxyz.com/assets/images/icons/apps/pinterest.png]
[edu.algebraxyz.com/assets/images/icons/apps/poki.png]
[edu.algebraxyz.com/assets/images/icons/apps/reddit.png]
[edu.algebraxyz.com/assets/images/icons/apps/snapchat.png]
[edu.algebraxyz.com/assets/images/icons/apps/soundcloud.jpg]
[edu.algebraxyz.com/assets/images/icons/apps/spotify.png]
[edu.algebraxyz.com/assets/images/icons/apps/telegram.png]
[edu.algebraxyz.com/assets/images/icons/apps/tiktok.png]
[edu.algebraxyz.com/assets/images/icons/apps/tumblr.png]
[edu.algebraxyz.com/assets/images/icons/apps/twitch-tv.png]
[edu.algebraxyz.com/assets/images/icons/apps/twitter.png]
[edu.algebraxyz.com/assets/images/icons/apps/vscode.png]
[edu.algebraxyz.com/assets/images/icons/apps/y8.png]
[edu.algebraxyz.com/assets/images/icons/apps/yt.png]
[edu.algebraxyz.com/assets/images/icons/apps/whatsapp.png]
[edu.algebraxyz.com/apps.html]
[edu.algebraxyz.com/assets/images/icons/bh.png]
[edu.algebraxyz.com/assets/images/icons/bh2.png]
[edu.algebraxyz.com/assets/images/icons/BlooketUI.png]
[edu.algebraxyz.com/assets/images/icons/CN.png]
[edu.algebraxyz.com/assets/images/icons/kahoot.png]
[edu.algebraxyz.com/math.html]
[edu.algebraxyz.com/widget.html]
[edu.algebraxyz.com/assets/images/branding/favicon/interstellar.ico]
[edu.algebraxyz.com/settings.html]
[edu.algebraxyz.com/cookieconsentpolicy.html]
[edu.algebraxyz.com/service/hvtrs8/-hwb,anignju`.zyx/qhmw=uvm]mgdkuo=knvepsvenlcr]
[edu.algebraxyz.com/assets/css/settings/main.css]
[edu.algebraxyz.com/assets/css/searchbar.css]
[edu.algebraxyz.com/assets/images/branding/favicon/interstellar.png]
[edu.algebraxyz.com/donate.html]
[edu.algebraxyz.com/assets/css/apps.css]
[edu.algebraxyz.com/play/60-second-burger-run/index.html]
[edu.algebraxyz.com/play/electric_man_2/index.html]
[edu.algebraxyz.com/play/learn-to-fly/index.html]
[edu.algebraxyz.com/play/learn-to-fly-2/index.html]
[edu.algebraxyz.com/moomoo.io]
[edu.algebraxyz.com/assets/js/settings/themes.js]
[edu.algebraxyz.com/play/particle-clicker/css/bootstrap.min.css]
[maxcdn.bootstrapcdn.com/font-awesome/4.2.0/css/font-awesome.min.css]
[edu.algebraxyz.com/play/particle-clicker/css/style.css]
[edu.algebraxyz.com/play/particle-clicker/assets/favicon.png]
[edu.algebraxyz.com/play/particle-clicker/assets/mobile/icon.png]
[www.google-analytics.com/analytics.js]
[edu.algebraxyz.com/cdn-cgi/l/email-protection.html]
[edu.algebraxyz.com/cdn-cgi/scripts/5c5dd728/cloudflare-static/email-decode.min.js]
[ajax.googleapis.com/ajax/libs/jquery/2.1.1/jquery.min.js]
[ajax.googleapis.com/ajax/libs/angularjs/1.3.0-beta.17/angular.min.js]
[maxcdn.bootstrapcdn.com/bootstrap/3.3.1/js/bootstrap.min.js]
[edu.algebraxyz.com/play/particle-clicker/js/external/jquery.cookie-1.4.1.min.js]
[edu.algebraxyz.com/play/particle-clicker/js/external/retina.js]
[edu.algebraxyz.com/play/particle-clicker/js/storage.js]
[edu.algebraxyz.com/play/particle-clicker/js/helpers.js]
[edu.algebraxyz.com/play/particle-clicker/js/external/fastclick.js]
[edu.algebraxyz.com/play/particle-clicker/js/analytics.js]
[edu.algebraxyz.com/play/particle-clicker/js/gameobjects.js]
[edu.algebraxyz.com/play/particle-clicker/js/event.js]
[edu.algebraxyz.com/play/particle-clicker/js/detector.js]
[edu.algebraxyz.com/play/particle-clicker/js/ui.js]
[edu.algebraxyz.com/play/particle-clicker/js/game.js]
[edu.algebraxyz.com/play/particle-clicker/index.html]
[edu.algebraxyz.com/play/qwop/index.html]
[edu.algebraxyz.com/play/particle-clicker/js/app.js]
[edu.algebraxyz.com/play/retro-bowl/assets/js/main.js]
[edu.algebraxyz.com/play/retro-bowl/html5game/splash.png]
[edu.algebraxyz.com/play/retro-bowl/index.html]
[edu.algebraxyz.com/play/riddle school/index.html]
[edu.algebraxyz.com/play/retro-bowl/html5game/RetroBowl.js]
[edu.algebraxyz.com/play/stickman-hook/assets/js/main.js]
[edu.algebraxyz.com/play/stickman-hook/poki3.js]
[edu.algebraxyz.com/play/stickman-hook/index.html]
[edu.algebraxyz.com/english.html]
[edu.algebraxyz.com/play/stickman-hook/bundle.js]
[edu.algebraxyz.com/play/subway-surfers-unity/4399.z.js]
[edu.algebraxyz.com/play/subway-surfers-unity/index.html]
[edu.algebraxyz.com/assets/images/icons/na.jpg]
[edu.algebraxyz.com/play/unfair-mario/index.html]
[edu.algebraxyz.com/assets/images/icons/apps/fifa.png]
[edu.algebraxyz.com/play/subway-surfers-unity/master-loader.js]
[edu.algebraxyz.com/play/particle-clicker/fonts/glyphicons-halflings-regular.eot]
[edu.algebraxyz.com/play/particle-clicker/fonts/glyphicons-halflings-regulard41d.eot]
[edu.algebraxyz.com/play/particle-clicker/fonts/glyphicons-halflings-regular.woff]
[edu.algebraxyz.com/play/particle-clicker/fonts/glyphicons-halflings-regular.ttf]
[edu.algebraxyz.com/play/particle-clicker/css/bootstrap.min.css]
[maxcdn.bootstrapcdn.com/font-awesome/4.2.0/css/font-awesome.min.css]
[edu.algebraxyz.com/play/particle-clicker/fonts/glyphicons-halflings-regular.svg]
[edu.algebraxyz.com/play/particle-clicker/assets/pc32sw.png]
[edu.algebraxyz.com/play/particle-clicker/assets/pc32.png]
[edu.algebraxyz.com/play/particle-clicker/assets/pc32sw@2x.png]
[edu.algebraxyz.com/play/particle-clicker/assets/pc32@2x.png]
[edu.algebraxyz.com/play/particle-clicker/css/style.css]
[edu.algebraxyz.com/cdn-cgi/l/email-protection.html]
[edu.algebraxyz.com/play/retro-bowl/assets/js/main.js]
[edu.algebraxyz.com/play/stickman-hook/assets/js/main.js]
[edu.algebraxyz.com/play/particle-clicker/fonts/glyphicons-halflings-regular.svg]
